Analyzing 2 items...                                            

   info - The import of 'package:flutter/cupertino.dart' is unnecessary because all of the used elements are also provided by the import of 'package:flutter/material.dart' - lib\view\home\profile\profile_screen.dart:1:8 - unnecessary_import
warning - Unused import: 'package:uremz100/Widgets/Custom_AppBar.dart' - lib\view\home\profile\profile_screen.dart:9:8 - unused_import
   info - 'withOpacity' is deprecated and shouldn't be used. Use .withValues() to avoid precision loss - lib\view\home\profile\profile_screen.dart:60:61 - deprecated_member_use
   info - 'withOpacity' is deprecated and shouldn't be used. Use .withValues() to avoid precision loss - lib\view\home\profile\profile_screen.dart:63:45 - deprecated_member_use

flutter : 4 issues 
found. (ran in 1.3s)
At line:1 char:1
+ flutter analyze lib\
View\Home\Profile\prof
ile_screen.dart 
lib\Core\Ro ...
+ ~~~~~~~~~~~~~~~~~~~~
~~~~~~~~~~~~~~~~~~~~~~
~~~~~~~~~~~~~~~~~~~~~~
~~~~~
    + CategoryInfo    
          : NotSpeci  
  fied: (4 issues f   
 ound. (ran in 1.3    
s):String) [], Re    
moteException
    + FullyQualifiedE 
   rrorId : NativeCo  
  mmandError
 
